// Jest Snapshot v1, https://goo.gl/fbAQLP

exports[`App should match the snapshot with the data passed through 1`] = `
<main>
  <Nav />
  <Connect(SearchForm)
    cleanUpGames={[Function]}
  />
  <Route
    exact={true}
    path="/"
    render={[Function]}
  />
  <Route
    path="/card/:id"
    render={[Function]}
  />
</main>
`;
